// Jest Snapshot v1, https://goo.gl/fbAQLP

exports[`getData Корректное значение 1`] = `
[
  "3",
  "4",
  "5",
  "6",
]
`;
